// Jest Snapshot v1, https://goo.gl/fbAQLP

exports[`Component: MainPageView renders without crashing 1`] = `
<Fragment>
  <HeaderView />
  <main
    className="mt-4"
  >
    <Container
      tag="div"
    >
      <Row
        tag="div"
      >
        <Col
          tag="div"
          widths={
            Array [
              "xs",
              "sm",
              "md",
              "lg",
              "xl",
            ]
          }
        >
          <Line
            data={
              Object {
                "datasets": Array [
                  Object {
                    "backgroundColor": "rgba(97, 218, 251,0.4)",
                    "borderCapStyle": "butt",
                    "borderColor": "rgba(97, 218, 251,1)",
                    "borderDash": Array [],
                    "borderDashOffset": 0,
                    "borderJoinStyle": "miter",
                    "data": Array [
                      23,
                      10,
                      567,
                    ],
                    "fill": false,
                    "label": Array [
                      "January",
                      "February",
                      "March",
                    ],
                    "lineTension": 0.1,
                    "pointBackgroundColor": "#fff",
                    "pointBorderColor": "rgba(97, 218, 251,1)",
                    "pointBorderWidth": 1,
                    "pointHitRadius": 10,
                    "pointHoverBackgroundColor": "rgba(97, 218, 251,1)",
                    "pointHoverBorderColor": "rgba(220,220,220,1)",
                    "pointHoverBorderWidth": 2,
                    "pointHoverRadius": 5,
                    "pointRadius": 1,
                  },
                ],
                "labels": "Chart",
              }
            }
          />
        </Col>
      </Row>
      <ContractsTable
        contracts={
          Array [
            Object {
              "amountInUsd": "34900",
              "currency": "ETH",
              "date": "2018-11-13",
              "user": Object {
                "name": "Cory",
                "surname": "Tory",
              },
            },
            Object {
              "amountInUsd": "128900",
              "currency": "ETH",
              "date": "2018-01-17",
              "user": Object {
                "name": "Yugi",
                "surname": "Wertyujk",
              },
            },
          ]
        }
      />
    </Container>
  </main>
</Fragment>
`;
