// Jest Snapshot v1, https://goo.gl/fbAQLP

exports[`Component: ContractsTableView renders without crashing 1`] = `
<Fragment>
  <Row
    tag="div"
  >
    <Col
      tag="div"
      widths={
        Array [
          "xs",
          "sm",
          "md",
          "lg",
          "xl",
        ]
      }
    >
      <h1
        className="contracts-table__header text-center my-2"
      >
        Contracts list
      </h1>
    </Col>
  </Row>
  <Row
    tag="div"
  >
    <Col
      tag="div"
      widths={
        Array [
          "xs",
          "sm",
          "md",
          "lg",
          "xl",
        ]
      }
    >
      <Table
        borderless={true}
        dark={true}
        hover={true}
        responsiveTag="div"
        striped={true}
        tag="table"
      >
        <thead>
          <tr>
            <th>
              #
            </th>
            <td>
              User name
            </td>
            <td>
              Amount in USD
            </td>
            <td>
              Currency
            </td>
            <td>
              Date
            </td>
          </tr>
        </thead>
        <tbody>
          <tr
            key="0_Cory_Tory"
          >
            <th
              scope="row"
            >
              0
            </th>
            <td>
              Cory
               
              Tory
            </td>
            <td>
              34900
            </td>
            <td>
              ETH
            </td>
            <td>
              2018-11-13
            </td>
          </tr>
          <tr
            key="1_Yugi_Wertyujk"
          >
            <th
              scope="row"
            >
              1
            </th>
            <td>
              Yugi
               
              Wertyujk
            </td>
            <td>
              128900
            </td>
            <td>
              ETH
            </td>
            <td>
              2018-01-17
            </td>
          </tr>
        </tbody>
      </Table>
    </Col>
  </Row>
</Fragment>
`;
