// Jest Snapshot v1, https://goo.gl/fbAQLP

exports[`Component: HeaderView renders without crashing 1`] = `
<header
  className="header"
>
  <img
    alt="logo"
    className="header-logo"
    src="test-file-stub"
  />
  <p>
    Welcome to React CRUD App
  </p>
</header>
`;
